// Jest Snapshot v1, https://goo.gl/fbAQLP

exports[`the ToggleGridViewButton should render correctly 1`] = `
<WithStyles(ForwardRef(IconButton))
  onClick={[Function]}
>
  <Memo([object Object]) />
</WithStyles(ForwardRef(IconButton))>
`;
