// Jest Snapshot v1, https://goo.gl/fbAQLP

exports[`the ParticipantTracks component should render an array of publications 1`] = `
<Fragment>
  <Memo(wrappedComponent)
    key="video"
    participant="mockParticipant"
    publication={
      Object {
        "kind": "video",
        "trackName": "",
        "trackSid": 0,
      }
    }
  />
  <Memo(wrappedComponent)
    key="audio"
    participant="mockParticipant"
    publication={
      Object {
        "kind": "audio",
        "trackName": "",
        "trackSid": 1,
      }
    }
  />
</Fragment>
`;
